-------------------------------------------------------------------------- 
                   Lithosphere and Mantle Evolution Model                   
     Compiled: Date: Feb 12 2024 - Time: 16:48:00 	    
     Version : 2.1.3 
-------------------------------------------------------------------------- 
        STAGGERED-GRID FINITE DIFFERENCE CANONICAL IMPLEMENTATION           
-------------------------------------------------------------------------- 
Parsing input file : localization_eta_vp_reg.dat 
   Adding PETSc option: -snes_ksp_ew
   Adding PETSc option: -snes_ksp_ew_rtolmax 1e-1
   Adding PETSc option: -snes_max_linear_solve_fail 10000
   Adding PETSc option: -snes_max_it 100
   Adding PETSc option: -pcmat_pgamma 1e2
   Adding PETSc option: -snes_PicardSwitchToNewton_rtol 1e0
   Adding PETSc option: -snes_NewtonSwitchToPicard_it 20
   Adding PETSc option: -snes_linesearch_type l2
   Adding PETSc option: -snes_linesearch_maxstep 1.0
   Adding PETSc option: -js_ksp_type fgmres
   Adding PETSc option: -js_ksp_max_it 50
Finished parsing input file 
--------------------------------------------------------------------------
Scaling parameters:
   Temperature : 1. [C/K] 
   Length      : 10000. [m] 
   Viscosity   : 1e+20 [Pa*s] 
   Stress      : 1e+08 [Pa] 
--------------------------------------------------------------------------
Time stepping parameters:
   Simulation end time          : 0.2 [Myr] 
   Maximum number of steps      : 20 
   Time step                    : 0.0015 [Myr] 
   Minimum time step            : 2e-05 [Myr] 
   Maximum time step            : 0.005 [Myr] 
   Time step increase factor    : 0.1 
   CFL criterion                : 0.1 
   CFLMAX (fixed time steps)    : 0.1 
   Output every [n] steps       : 1 
   Output [n] initial steps     : 1 
--------------------------------------------------------------------------
Grid parameters:
   Total number of cpu                  : 1 
   Processor grid  [nx, ny, nz]         : [1, 1, 1]
   Fine grid cells [nx, ny, nz]         : [64, 1, 16]
   Number of cells                      :  1024
   Number of faces                      :  4176
   Maximum cell aspect ratio            :  1.50000
   Lower coordinate bounds [bx, by, bz] : [-20., 0., 0.]
   Upper coordinate bounds [ex, ey, ez] : [20., 0.625, 15.]
--------------------------------------------------------------------------
Softening laws: 
--------------------------------------------------------------------------
   SoftLaw [0] : A = 0.25, APS1 = 1e-05, APS2 = 0.01
--------------------------------------------------------------------------
Material parameters: 
--------------------------------------------------------------------------
- Melt factor mfc = 0.000000   Phase ID : 0   
   (dens)   : rho = 2700. [kg/m^3]  
   (elast)  : G = 5e+10 [Pa]  Kb = 8e+10 [Pa]  E = 1.24138e+11 [Pa]  nu = 0.241379 [ ]  Vp = 7370.28 [m/s]  Vs = 4303.31 [m/s]  
   (diff)   : eta = 1e+21 [Pa*s]  Bd = 5e-22 [1/Pa/s]  
   (plast)  : ch = 5e+07 [Pa]  fr = 30. [deg]  frSoftID = 0 chSoftID = 0 

- Melt factor mfc = 0.000000   Phase ID : 1   
   (dens)   : rho = 2700. [kg/m^3]  
   (elast)  : G = 5e+10 [Pa]  Kb = 8e+10 [Pa]  E = 1.24138e+11 [Pa]  nu = 0.241379 [ ]  Vp = 7370.28 [m/s]  Vs = 4303.31 [m/s]  
   (diff)   : eta = 1e+24 [Pa*s]  Bd = 5e-25 [1/Pa/s]  
   (plast)  : ch = 5e+07 [Pa]  fr = 30. [deg]  eta_vp = 1e+21 [Pa*s]  frSoftID = 0 chSoftID = 0 

- Melt factor mfc = 0.000000   Phase ID : 2   
   (dens)   : rho = 100. [kg/m^3]  
   (elast)  : G = 5e+10 [Pa]  Kb = 8e+10 [Pa]  E = 1.24138e+11 [Pa]  nu = 0.241379 [ ]  Vp = 38297.1 [m/s]  Vs = 22360.7 [m/s]  
   (diff)   : eta = 1e+19 [Pa*s]  Bd = 5e-20 [1/Pa/s]  
   (plast)  : ch = 5e+07 [Pa]  fr = 30. [deg]  frSoftID = 0 chSoftID = 0 

--------------------------------------------------------------------------
--------------------------------------------------------------------------
Boundary condition parameters: 
   No-slip boundary mask [lt rt ft bk bm tp]  : 0 0 0 0 0 0 
   Number of x-background strain rate periods : 1 
   Open top boundary                          @ 
--------------------------------------------------------------------------
Solution parameters & controls:
   Gravity [gx, gy, gz]                    : [0., 0., -10.] [m/s^2] 
   Surface stabilization (FSSA)            :  1. 
   Compute initial guess                   @ 
   Use lithostatic pressure for creep      @ 
   Limit pressure at first iteration       @ 
   Minimum viscosity                       : 1e+18 [Pa*s] 
   Maximum viscosity                       : 1e+27 [Pa*s] 
   Reference viscosity (initial guess)     : 1e+22 [Pa*s] 
   Minimum cohesion                        : 1e+06 [Pa] 
   Minimum friction                        : 5. [deg] 
   Ultimate yield stress                   : 1e+09 [Pa] 
   Max. melt fraction (viscosity, density) : 1.    
   Rheology iteration number               : 25  
   Rheology iteration tolerance            : 1e-06    
   Ground water level type                 : none 
--------------------------------------------------------------------------
Advection parameters:
   Advection scheme              : Euler 1-st order (basic implementation)
   Periodic marker advection     : 0 0 0 
   Marker setup scheme           : geometric primitives
   Velocity interpolation scheme : STAG (linear)
   Marker control type           : no marker control
   Markers per cell [nx, ny, nz] : [5, 5, 5] 
   Marker distribution type      : uniform
   Background phase ID           : 1 
--------------------------------------------------------------------------
Reading geometric primitives ... done (0.000879 sec)
--------------------------------------------------------------------------
Output parameters:
   Output file name                        : test_vep_analytical 
   Write .pvd file                         : yes 
   Phase                                   @ 
   Density                                 @ 
   Total effective viscosity               @ 
   Creep effective viscosity               @ 
   Velocity                                @ 
   Pressure                                @ 
   Deviatoric stress tensor                @ 
   Deviatoric stress second invariant      @ 
   Deviatoric strain rate tensor           @ 
   Deviatoric strain rate second invariant @ 
   Yield stress                            @ 
   Accumulated Plastic Strain (APS)        @ 
   Plastic dissipation                     @ 
   Momentum residual                       @ 
   Continuity residual                     @ 
--------------------------------------------------------------------------
AVD output parameters:
   Write .pvd file       : yes 
   AVD refinement factor : 1 
--------------------------------------------------------------------------
Preconditioner parameters: 
   Matrix type                   : monolithic
   Penalty parameter (pgamma)    : 1.000000e+02
   Preconditioner type           : user-defined
--------------------------------------------------------------------------
Solver parameters specified: 
   Outermost Krylov solver       : fgmres 
   Solver type                   : serial direct/lu 
   Solver package                : petsc 
--------------------------------------------------------------------------
Initializing pressure with lithostatic pressure ... done (0.000257 sec)
--------------------------------------------------------------------------
============================== INITIAL GUESS =============================
--------------------------------------------------------------------------
  0 SNES Function norm 3.933752108544e+02 
  0 PICARD ||F||/||F0||=1.000000e+00 
  Linear js_ solve converged due to CONVERGED_RTOL iterations 1
  1 SNES Function norm 1.339923933353e-01 
  1 MMFD   ||F||/||F0||=3.406224e-04 
  Linear js_ solve converged due to CONVERGED_RTOL iterations 2
  2 SNES Function norm 2.581413956547e-07 
--------------------------------------------------------------------------
SNES Convergence Reason : ||F|| < rtol*||F_initial|| 
Number of iterations    : 2
SNES solution time      : 0.014419 (sec)
--------------------------------------------------------------------------
Residual summary: 
   Continuity: 
      |Div|_inf = 9.971043786811e-12 
      |Div|_2   = 1.119873066804e-10 
   Momentum: 
      |mRes|_2  = 2.581413713634e-07 
--------------------------------------------------------------------------
Saving output ... done (0.045754 sec)
--------------------------------------------------------------------------
================================= STEP 1 =================================
--------------------------------------------------------------------------
Current time        : 0.00000000 [Myr] 
Tentative time step : 0.00150000 [Myr] 
--------------------------------------------------------------------------
  0 SNES Function norm 3.846888661767e+00 
  0 PICARD ||F||/||F0||=1.000000e+00 
  Linear js_ solve converged due to CONVERGED_RTOL iterations 1
  1 SNES Function norm 7.090317869281e-02 
  1 MMFD   ||F||/||F0||=1.843131e-02 
  Linear js_ solve converged due to CONVERGED_RTOL iterations 1
  2 SNES Function norm 2.006303773010e-05 
--------------------------------------------------------------------------
SNES Convergence Reason : ||F|| < rtol*||F_initial|| 
Number of iterations    : 2
SNES solution time      : 0.015159 (sec)
--------------------------------------------------------------------------
Residual summary: 
   Continuity: 
      |Div|_inf = 1.215949385803e-07 
      |Div|_2   = 1.697874183247e-06 
   Momentum: 
      |mRes|_2  = 1.999106565988e-05 
--------------------------------------------------------------------------
Actual time step : 0.00150 [Myr] 
--------------------------------------------------------------------------
Saving output ... done (0.047551 sec)
--------------------------------------------------------------------------
================================= STEP 2 =================================
--------------------------------------------------------------------------
Current time        : 0.00150000 [Myr] 
Tentative time step : 0.00165000 [Myr] 
--------------------------------------------------------------------------
  0 SNES Function norm 1.851816074516e+00 
  0 PICARD ||F||/||F0||=1.000000e+00 
  Linear js_ solve converged due to CONVERGED_RTOL iterations 1
  1 SNES Function norm 2.357632098703e-03 
  1 MMFD   ||F||/||F0||=1.273146e-03 
  Linear js_ solve converged due to CONVERGED_RTOL iterations 2
  2 SNES Function norm 1.131639023585e-08 
--------------------------------------------------------------------------
SNES Convergence Reason : ||F|| < atol 
Number of iterations    : 2
SNES solution time      : 0.017975 (sec)
--------------------------------------------------------------------------
Residual summary: 
   Continuity: 
      |Div|_inf = 1.708357723442e-09 
      |Div|_2   = 2.492587803068e-09 
   Momentum: 
      |mRes|_2  = 1.103846429600e-08 
--------------------------------------------------------------------------
Actual time step : 0.00165 [Myr] 
--------------------------------------------------------------------------
Saving output ... done (0.046875 sec)
--------------------------------------------------------------------------
================================= STEP 3 =================================
--------------------------------------------------------------------------
Current time        : 0.00315000 [Myr] 
Tentative time step : 0.00181500 [Myr] 
--------------------------------------------------------------------------
  0 SNES Function norm 2.121556478761e+00 
  0 PICARD ||F||/||F0||=1.000000e+00 
  Linear js_ solve converged due to CONVERGED_RTOL iterations 1
  1 SNES Function norm 2.576972292346e-03 
  1 MMFD   ||F||/||F0||=1.214661e-03 
  Linear js_ solve converged due to CONVERGED_RTOL iterations 2
  2 SNES Function norm 1.333793447359e-08 
--------------------------------------------------------------------------
SNES Convergence Reason : ||F|| < atol 
Number of iterations    : 2
SNES solution time      : 0.016712 (sec)
--------------------------------------------------------------------------
Residual summary: 
   Continuity: 
      |Div|_inf = 1.953576255400e-09 
      |Div|_2   = 2.847670944656e-09 
   Momentum: 
      |mRes|_2  = 1.303039777646e-08 
--------------------------------------------------------------------------
Actual time step : 0.00182 [Myr] 
--------------------------------------------------------------------------
Saving output ... done (0.045331 sec)
--------------------------------------------------------------------------
================================= STEP 4 =================================
--------------------------------------------------------------------------
Current time        : 0.00496500 [Myr] 
Tentative time step : 0.00199650 [Myr] 
--------------------------------------------------------------------------
  0 SNES Function norm 2.430905690615e+00 
  0 PICARD ||F||/||F0||=1.000000e+00 
  Linear js_ solve converged due to CONVERGED_RTOL iterations 1
  1 SNES Function norm 2.820665443333e-03 
  1 MMFD   ||F||/||F0||=1.160335e-03 
  Linear js_ solve converged due to CONVERGED_RTOL iterations 2
  2 SNES Function norm 1.659828816228e-08 
--------------------------------------------------------------------------
SNES Convergence Reason : ||F|| < atol 
Number of iterations    : 2
SNES solution time      : 0.016526 (sec)
--------------------------------------------------------------------------
Residual summary: 
   Continuity: 
      |Div|_inf = 2.205807441192e-09 
      |Div|_2   = 3.214207007390e-09 
   Momentum: 
      |mRes|_2  = 1.628410400458e-08 
--------------------------------------------------------------------------
Actual time step : 0.00200 [Myr] 
--------------------------------------------------------------------------
Saving output ... done (0.052048 sec)
--------------------------------------------------------------------------
================================= STEP 5 =================================
--------------------------------------------------------------------------
Current time        : 0.00696150 [Myr] 
Tentative time step : 0.00219615 [Myr] 
--------------------------------------------------------------------------
  0 SNES Function norm 2.763106982334e+00 
  0 PICARD ||F||/||F0||=1.000000e+00 
  Linear js_ solve converged due to CONVERGED_RTOL iterations 1
  1 SNES Function norm 3.089867384034e-03 
  1 MMFD   ||F||/||F0||=1.118258e-03 
  Linear js_ solve converged due to CONVERGED_RTOL iterations 2
  2 SNES Function norm 1.772198598025e-08 
--------------------------------------------------------------------------
SNES Convergence Reason : ||F|| < atol 
Number of iterations    : 2
SNES solution time      : 0.016954 (sec)
--------------------------------------------------------------------------
Residual summary: 
   Continuity: 
      |Div|_inf = 2.469519595623e-09 
      |Div|_2   = 3.596767280624e-09 
   Momentum: 
      |mRes|_2  = 1.735315683711e-08 
--------------------------------------------------------------------------
Actual time step : 0.00220 [Myr] 
--------------------------------------------------------------------------
Saving output ... done (0.04489 sec)
--------------------------------------------------------------------------
================================= STEP 6 =================================
--------------------------------------------------------------------------
Current time        : 0.00915765 [Myr] 
Tentative time step : 0.00241577 [Myr] 
--------------------------------------------------------------------------
  0 SNES Function norm 3.102604605640e+00 
  0 PICARD ||F||/||F0||=1.000000e+00 
  Linear js_ solve converged due to CONVERGED_RTOL iterations 1
  1 SNES Function norm 3.386260780808e-03 
  1 MMFD   ||F||/||F0||=1.091425e-03 
  Linear js_ solve converged due to CONVERGED_RTOL iterations 2
  2 SNES Function norm 2.078508396186e-08 
--------------------------------------------------------------------------
SNES Convergence Reason : ||F|| < atol 
Number of iterations    : 2
SNES solution time      : 0.016715 (sec)
--------------------------------------------------------------------------
Residual summary: 
   Continuity: 
      |Div|_inf = 2.735252284215e-09 
      |Div|_2   = 3.979217526043e-09 
   Momentum: 
      |mRes|_2  = 2.040062604877e-08 
--------------------------------------------------------------------------
Actual time step : 0.00242 [Myr] 
--------------------------------------------------------------------------
Saving output ... done (0.044763 sec)
--------------------------------------------------------------------------
================================= STEP 7 =================================
--------------------------------------------------------------------------
Current time        : 0.01157342 [Myr] 
Tentative time step : 0.00265734 [Myr] 
--------------------------------------------------------------------------
  0 SNES Function norm 3.472638864290e+00 
  0 PICARD ||F||/||F0||=1.000000e+00 
  Linear js_ solve converged due to CONVERGED_RTOL iterations 1
  1 SNES Function norm 3.711910205687e-03 
  1 MMFD   ||F||/||F0||=1.068902e-03 
  Linear js_ solve converged due to CONVERGED_RTOL iterations 2
  2 SNES Function norm 2.415255252641e-08 
--------------------------------------------------------------------------
SNES Convergence Reason : ||F|| < atol 
Number of iterations    : 2
SNES solution time      : 0.016505 (sec)
--------------------------------------------------------------------------
Residual summary: 
   Continuity: 
      |Div|_inf = 3.015652940285e-09 
      |Div|_2   = 4.386920646664e-09 
   Momentum: 
      |mRes|_2  = 2.375080463439e-08 
--------------------------------------------------------------------------
Actual time step : 0.00266 [Myr] 
--------------------------------------------------------------------------
Saving output ... done (0.044343 sec)
--------------------------------------------------------------------------
================================= STEP 8 =================================
--------------------------------------------------------------------------
Current time        : 0.01423076 [Myr] 
Tentative time step : 0.00292308 [Myr] 
--------------------------------------------------------------------------
  0 SNES Function norm 3.852567727526e+00 
  0 PICARD ||F||/||F0||=1.000000e+00 
  Linear js_ solve converged due to CONVERGED_RTOL iterations 1
  1 SNES Function norm 4.069170585000e-03 
  1 MMFD   ||F||/||F0||=1.056223e-03 
  Linear js_ solve converged due to CONVERGED_RTOL iterations 2
  2 SNES Function norm 2.726289925245e-08 
--------------------------------------------------------------------------
SNES Convergence Reason : ||F|| < atol 
Number of iterations    : 2
SNES solution time      : 0.016444 (sec)
--------------------------------------------------------------------------
Residual summary: 
   Continuity: 
      |Div|_inf = 3.317490413905e-09 
      |Div|_2   = 4.824021818871e-09 
   Momentum: 
      |mRes|_2  = 2.683271304100e-08 
--------------------------------------------------------------------------
Actual time step : 0.00292 [Myr] 
--------------------------------------------------------------------------
Saving output ... done (0.046227 sec)
--------------------------------------------------------------------------
================================= STEP 9 =================================
--------------------------------------------------------------------------
Current time        : 0.01715383 [Myr] 
Tentative time step : 0.00321538 [Myr] 
--------------------------------------------------------------------------
  0 SNES Function norm 4.250209030271e+00 
  0 PICARD ||F||/||F0||=1.000000e+00 
  Linear js_ solve converged due to CONVERGED_RTOL iterations 1
  1 SNES Function norm 4.460658277134e-03 
  1 MMFD   ||F||/||F0||=1.049515e-03 
  Linear js_ solve converged due to CONVERGED_RTOL iterations 2
  2 SNES Function norm 3.083079276530e-08 
--------------------------------------------------------------------------
SNES Convergence Reason : ||F|| < atol 
Number of iterations    : 2
SNES solution time      : 0.017511 (sec)
--------------------------------------------------------------------------
Residual summary: 
   Continuity: 
      |Div|_inf = 3.633561406113e-09 
      |Div|_2   = 5.281650522737e-09 
   Momentum: 
      |mRes|_2  = 3.037502181551e-08 
--------------------------------------------------------------------------
Actual time step : 0.00322 [Myr] 
--------------------------------------------------------------------------
Saving output ... done (0.050408 sec)
--------------------------------------------------------------------------
================================ STEP 10 =================================
--------------------------------------------------------------------------
Current time        : 0.02036922 [Myr] 
Tentative time step : 0.00353692 [Myr] 
--------------------------------------------------------------------------
  0 SNES Function norm 4.700056332470e+00 
  0 PICARD ||F||/||F0||=1.000000e+00 
  Linear js_ solve converged due to CONVERGED_RTOL iterations 1
  1 SNES Function norm 4.889223119056e-03 
  1 MMFD   ||F||/||F0||=1.040248e-03 
  Linear js_ solve converged due to CONVERGED_RTOL iterations 2
  2 SNES Function norm 3.641731737740e-08 
--------------------------------------------------------------------------
SNES Convergence Reason : ||F|| < atol 
Number of iterations    : 2
SNES solution time      : 0.017855 (sec)
--------------------------------------------------------------------------
Residual summary: 
   Continuity: 
      |Div|_inf = 3.953814211260e-09 
      |Div|_2   = 5.748271729271e-09 
   Momentum: 
      |mRes|_2  = 3.596078943923e-08 
--------------------------------------------------------------------------
Actual time step : 0.00354 [Myr] 
--------------------------------------------------------------------------
Saving output ... done (0.052336 sec)
--------------------------------------------------------------------------
================================ STEP 11 =================================
--------------------------------------------------------------------------
Current time        : 0.02390614 [Myr] 
Tentative time step : 0.00389061 [Myr] 
--------------------------------------------------------------------------
  0 SNES Function norm 5.162337333089e+00 
  0 PICARD ||F||/||F0||=1.000000e+00 
  Linear js_ solve converged due to CONVERGED_RTOL iterations 1
  1 SNES Function norm 5.357970568821e-03 
  1 MMFD   ||F||/||F0||=1.037896e-03 
  Linear js_ solve converged due to CONVERGED_RTOL iterations 2
  2 SNES Function norm 4.153678964252e-08 
--------------------------------------------------------------------------
SNES Convergence Reason : ||F|| < atol 
Number of iterations    : 2
SNES solution time      : 0.016642 (sec)
--------------------------------------------------------------------------
Residual summary: 
   Continuity: 
      |Div|_inf = 4.282618180001e-09 
      |Div|_2   = 6.228378215097e-09 
   Momentum: 
      |mRes|_2  = 4.106716691734e-08 
--------------------------------------------------------------------------
Actual time step : 0.00389 [Myr] 
--------------------------------------------------------------------------
Saving output ... done (0.047828 sec)
--------------------------------------------------------------------------
================================ STEP 12 =================================
--------------------------------------------------------------------------
Current time        : 0.02779675 [Myr] 
Tentative time step : 0.00427968 [Myr] 
--------------------------------------------------------------------------
  0 SNES Function norm 5.668035152397e+00 
  0 PICARD ||F||/||F0||=1.000000e+00 
  Linear js_ solve converged due to CONVERGED_RTOL iterations 1
  1 SNES Function norm 5.870214130655e-03 
  1 MMFD   ||F||/||F0||=1.035670e-03 
  Linear js_ solve converged due to CONVERGED_RTOL iterations 2
  2 SNES Function norm 4.774417893193e-08 
--------------------------------------------------------------------------
SNES Convergence Reason : ||F|| < atol 
Number of iterations    : 2
SNES solution time      : 0.017478 (sec)
--------------------------------------------------------------------------
Residual summary: 
   Continuity: 
      |Div|_inf = 4.610714452114e-09 
      |Div|_2   = 6.710354008441e-09 
   Momentum: 
      |mRes|_2  = 4.727026307274e-08 
--------------------------------------------------------------------------
Actual time step : 0.00428 [Myr] 
--------------------------------------------------------------------------
Saving output ... done (0.0456 sec)
--------------------------------------------------------------------------
================================ STEP 13 =================================
--------------------------------------------------------------------------
Current time        : 0.03207643 [Myr] 
Tentative time step : 0.00470764 [Myr] 
--------------------------------------------------------------------------
  0 SNES Function norm 6.216047266680e+00 
  0 PICARD ||F||/||F0||=1.000000e+00 
  Linear js_ solve converged due to CONVERGED_RTOL iterations 1
  1 SNES Function norm 6.429499536891e-03 
  1 MMFD   ||F||/||F0||=1.034339e-03 
  Linear js_ solve converged due to CONVERGED_RTOL iterations 2
  2 SNES Function norm 5.590579392262e-08 
--------------------------------------------------------------------------
SNES Convergence Reason : ||F|| < atol 
Number of iterations    : 2
SNES solution time      : 0.016461 (sec)
--------------------------------------------------------------------------
Residual summary: 
   Continuity: 
      |Div|_inf = 4.948673896341e-09 
      |Div|_2   = 7.208917161335e-09 
   Momentum: 
      |mRes|_2  = 5.543905940291e-08 
--------------------------------------------------------------------------
Actual time step : 0.00471 [Myr] 
--------------------------------------------------------------------------
Saving output ... done (0.046239 sec)
--------------------------------------------------------------------------
================================ STEP 14 =================================
--------------------------------------------------------------------------
Current time        : 0.03678407 [Myr] 
Tentative time step : 0.00500000 [Myr] 
--------------------------------------------------------------------------
  0 SNES Function norm 6.719841961470e+00 
  0 PICARD ||F||/||F0||=1.000000e+00 
  Linear js_ solve converged due to CONVERGED_RTOL iterations 1
  1 SNES Function norm 6.795499794396e-03 
  1 MMFD   ||F||/||F0||=1.011259e-03 
  Linear js_ solve converged due to CONVERGED_RTOL iterations 2
  2 SNES Function norm 6.174467463405e-08 
--------------------------------------------------------------------------
SNES Convergence Reason : ||F|| < atol 
Number of iterations    : 2
SNES solution time      : 0.016449 (sec)
--------------------------------------------------------------------------
Residual summary: 
   Continuity: 
      |Div|_inf = 5.166907878505e-09 
      |Div|_2   = 7.529411770246e-09 
   Momentum: 
      |mRes|_2  = 6.128387066806e-08 
--------------------------------------------------------------------------
Actual time step : 0.00500 [Myr] 
--------------------------------------------------------------------------
Saving output ... done (0.046292 sec)
--------------------------------------------------------------------------
================================ STEP 15 =================================
--------------------------------------------------------------------------
Current time        : 0.04178407 [Myr] 
Tentative time step : 0.00500000 [Myr] 
--------------------------------------------------------------------------
  0 SNES Function norm 5.830945458421e+00 
  0 PICARD ||F||/||F0||=1.000000e+00 
  Linear js_ solve converged due to CONVERGED_RTOL iterations 1
  1 SNES Function norm 2.347920795969e+00 
  1 MMFD   ||F||/||F0||=4.026655e-01 
  Linear js_ solve converged due to CONVERGED_RTOL iterations 2
  2 SNES Function norm 6.983932788567e-01 
  2 MMFD   ||F||/||F0||=1.197736e-01 
  Linear js_ solve converged due to CONVERGED_RTOL iterations 1
  3 SNES Function norm 7.014624897424e-05 
--------------------------------------------------------------------------
SNES Convergence Reason : ||F|| < rtol*||F_initial|| 
Number of iterations    : 3
SNES solution time      : 0.023826 (sec)
--------------------------------------------------------------------------
Residual summary: 
   Continuity: 
      |Div|_inf = 7.695136374187e-07 
      |Div|_2   = 3.565726502524e-06 
   Momentum: 
      |mRes|_2  = 7.005556251766e-05 
--------------------------------------------------------------------------
Actual time step : 0.00500 [Myr] 
--------------------------------------------------------------------------
Saving output ... done (0.046938 sec)
--------------------------------------------------------------------------
================================ STEP 16 =================================
--------------------------------------------------------------------------
Current time        : 0.04678407 [Myr] 
Tentative time step : 0.00500000 [Myr] 
--------------------------------------------------------------------------
  0 SNES Function norm 6.556677310528e+00 
  0 PICARD ||F||/||F0||=1.000000e+00 
  Linear js_ solve converged due to CONVERGED_RTOL iterations 1
  1 SNES Function norm 5.012810074279e-01 
  1 MMFD   ||F||/||F0||=7.645351e-02 
  Linear js_ solve converged due to CONVERGED_RTOL iterations 3
  2 SNES Function norm 6.060436021371e-03 
  2 MMFD   ||F||/||F0||=9.243151e-04 
  Linear js_ solve converged due to CONVERGED_RTOL iterations 6
  3 SNES Function norm 2.879245043400e-06 
--------------------------------------------------------------------------
SNES Convergence Reason : ||F|| < rtol*||F_initial|| 
Number of iterations    : 3
SNES solution time      : 0.036411 (sec)
--------------------------------------------------------------------------
Residual summary: 
   Continuity: 
      |Div|_inf = 6.520731928246e-09 
      |Div|_2   = 1.769240852162e-08 
   Momentum: 
      |mRes|_2  = 2.879190684659e-06 
--------------------------------------------------------------------------
Actual time step : 0.00500 [Myr] 
--------------------------------------------------------------------------
Saving output ... done (0.050442 sec)
--------------------------------------------------------------------------
================================ STEP 17 =================================
--------------------------------------------------------------------------
Current time        : 0.05178407 [Myr] 
Tentative time step : 0.00500000 [Myr] 
--------------------------------------------------------------------------
  0 SNES Function norm 5.736067867733e+00 
  0 PICARD ||F||/||F0||=1.000000e+00 
  Linear js_ solve converged due to CONVERGED_RTOL iterations 1
  1 SNES Function norm 1.848849215815e+00 
  1 MMFD   ||F||/||F0||=3.223200e-01 
  Linear js_ solve converged due to CONVERGED_RTOL iterations 2
  2 SNES Function norm 6.916288711145e-01 
  2 MMFD   ||F||/||F0||=1.205754e-01 
  Linear js_ solve converged due to CONVERGED_RTOL iterations 2
  3 SNES Function norm 1.049710715732e-02 
  3 MMFD   ||F||/||F0||=1.830018e-03 
  Linear js_ solve converged due to CONVERGED_RTOL iterations 6
  4 SNES Function norm 6.703942592621e-06 
--------------------------------------------------------------------------
SNES Convergence Reason : ||F|| < rtol*||F_initial|| 
Number of iterations    : 4
SNES solution time      : 0.045843 (sec)
--------------------------------------------------------------------------
Residual summary: 
   Continuity: 
      |Div|_inf = 6.820804303870e-11 
      |Div|_2   = 2.852964681295e-10 
   Momentum: 
      |mRes|_2  = 6.703942586550e-06 
--------------------------------------------------------------------------
Actual time step : 0.00500 [Myr] 
--------------------------------------------------------------------------
Saving output ... done (0.051005 sec)
--------------------------------------------------------------------------
================================ STEP 18 =================================
--------------------------------------------------------------------------
Current time        : 0.05678407 [Myr] 
Tentative time step : 0.00500000 [Myr] 
--------------------------------------------------------------------------
  0 SNES Function norm 6.246388509673e+00 
  0 PICARD ||F||/||F0||=1.000000e+00 
  Linear js_ solve converged due to CONVERGED_RTOL iterations 1
  1 SNES Function norm 6.781229166837e-01 
  1 MMFD   ||F||/||F0||=1.085624e-01 
  Linear js_ solve converged due to CONVERGED_RTOL iterations 3
  2 SNES Function norm 1.709210911903e-02 
  2 MMFD   ||F||/||F0||=2.736319e-03 
  Linear js_ solve converged due to CONVERGED_RTOL iterations 6
  3 SNES Function norm 2.888991757249e-05 
--------------------------------------------------------------------------
SNES Convergence Reason : ||F|| < rtol*||F_initial|| 
Number of iterations    : 3
SNES solution time      : 0.035928 (sec)
--------------------------------------------------------------------------
Residual summary: 
   Continuity: 
      |Div|_inf = 1.696206301696e-08 
      |Div|_2   = 2.996969220589e-08 
   Momentum: 
      |mRes|_2  = 2.888990202757e-05 
--------------------------------------------------------------------------
Actual time step : 0.00500 [Myr] 
--------------------------------------------------------------------------
Saving output ... done (0.046788 sec)
--------------------------------------------------------------------------
================================ STEP 19 =================================
--------------------------------------------------------------------------
Current time        : 0.06178407 [Myr] 
Tentative time step : 0.00500000 [Myr] 
--------------------------------------------------------------------------
  0 SNES Function norm 5.988560682141e+00 
  0 PICARD ||F||/||F0||=1.000000e+00 
  Linear js_ solve converged due to CONVERGED_RTOL iterations 1
  1 SNES Function norm 1.457644986344e+00 
  1 MMFD   ||F||/||F0||=2.434049e-01 
  Linear js_ solve converged due to CONVERGED_RTOL iterations 3
  2 SNES Function norm 6.739596076267e-01 
  2 MMFD   ||F||/||F0||=1.125412e-01 
  Linear js_ solve converged due to CONVERGED_RTOL iterations 2
  3 SNES Function norm 1.938847421615e-02 
  3 MMFD   ||F||/||F0||=3.237585e-03 
  Linear js_ solve converged due to CONVERGED_RTOL iterations 6
  4 SNES Function norm 4.341590815546e-05 
--------------------------------------------------------------------------
SNES Convergence Reason : ||F|| < rtol*||F_initial|| 
Number of iterations    : 4
SNES solution time      : 0.046461 (sec)
--------------------------------------------------------------------------
Residual summary: 
   Continuity: 
      |Div|_inf = 7.877890053720e-09 
      |Div|_2   = 2.357127246209e-08 
   Momentum: 
      |mRes|_2  = 4.341590175683e-05 
--------------------------------------------------------------------------
Actual time step : 0.00500 [Myr] 
--------------------------------------------------------------------------
Saving output ... done (0.048395 sec)
--------------------------------------------------------------------------
================================ STEP 20 =================================
--------------------------------------------------------------------------
Current time        : 0.06678407 [Myr] 
Tentative time step : 0.00500000 [Myr] 
--------------------------------------------------------------------------
  0 SNES Function norm 5.937821315151e+00 
  0 PICARD ||F||/||F0||=1.000000e+00 
  Linear js_ solve converged due to CONVERGED_RTOL iterations 1
  1 SNES Function norm 9.611396461200e-01 
  1 MMFD   ||F||/||F0||=1.618674e-01 
  Linear js_ solve converged due to CONVERGED_RTOL iterations 3
  2 SNES Function norm 4.601938482418e-01 
  2 MMFD   ||F||/||F0||=7.750214e-02 
  Linear js_ solve converged due to CONVERGED_RTOL iterations 3
  3 SNES Function norm 2.260835210129e-02 
  3 MMFD   ||F||/||F0||=3.807516e-03 
  Linear js_ solve converged due to CONVERGED_RTOL iterations 6
  4 SNES Function norm 9.580723568444e-05 
--------------------------------------------------------------------------
SNES Convergence Reason : ||F|| < rtol*||F_initial|| 
Number of iterations    : 4
SNES solution time      : 0.047746 (sec)
--------------------------------------------------------------------------
Residual summary: 
   Continuity: 
      |Div|_inf = 8.632232820020e-08 
      |Div|_2   = 1.566984698708e-07 
   Momentum: 
      |mRes|_2  = 9.580710753949e-05 
--------------------------------------------------------------------------
Actual time step : 0.00500 [Myr] 
--------------------------------------------------------------------------
Saving output ... done (0.046481 sec)
--------------------------------------------------------------------------
=========================== SOLUTION IS DONE! ============================
--------------------------------------------------------------------------
Total solution time : 1.75692 (sec) 
--------------------------------------------------------------------------
